shell_ip.c:3727:17:SHELL_SearchInterfaceById	0	static
shell_ip.c:5667:15:SHELL_GetNeighborsIpAddr	32	static
shell_ip.c:1463:15:SHELL_Identify	8	static
shell_ip.c:1602:13:SHELL_InterruptCb	8	static
shell_ip.c:3300:13:SHELL_PrintStatus	8	static
shell_ip.c:3451:13:SHELL_PrintNeighborState	8	static
shell_ip.c:3605:13:SHELL_PrintBuff	16	static
shell_ip.c:3627:13:SHELL_ReadBuff	24	static
shell_ip.c:5544:13:SHELL_Filtering_Print	48	static
shell_ip.c:3558:13:SHELL_PrintNwkCapabilities	24	static
shell_ip.c:3509:13:SHELL_PrintDevType	24	static
shell_ip.c:3491:13:SHELL_PrintDevRole	24	static
shell_ip.c:1399:13:SHELL_Resume	8	static
shell_ip.c:5412:15:SHELL_Filter	40	static
shell_ip.c:2008:15:SHELL_FactoryResetReq	8	static
shell_ip.c:1443:15:SHELL_Reboot	8	static
shell_ip.c:3654:15:SHELL_ReadIPv6Addr	8	static
shell_ip.c:3897:15:SHELL_CoapSend	104	static
shell_ip.c:4171:13:SHELL_CoapAckReceive	72	static
shell_ip.c:5360:15:SHELL_SendDns	24	static
shell_ip.c:4674:13:PING_TimerCallback	8	static
shell_ip.c:1570:13:SHELL_ProcessCb	24	static
shell_ip.c:4769:13:PING_RetransmitCallback	8	static
shell_ip.c:4845:13:PING_SendPing	16	static
shell_ip.c:3692:23:SHELL_SearchInterfaceByName	24	static
shell_ip.c:4470:21:PING_CreatePktInfo	24	static
shell_ip.c:4263:15:SHELL_Ping	24	static
shell_ip.c:4689:13:PING_HandleTimerCallback	16	static
shell_ip.c:4785:13:PING_RetransmitHandle	16	static
shell_ip.c:1135:6:PING_EchoReplyReceiveAsync	16	static
shell_ip.c:4961:15:SHELL_MulticastGroups	96	static
shell_ip.c:1961:13:SHELL_PrintFirewallRules	72	static
shell_ip.c:1864:15:SHELL_IpFirewall	64	static
shell_ip.c:1805:13:SHELL_PrintIPv6Routes	72	static
shell_ip.c:1736:15:SHELL_Routes	64	static
shell_ip.c:3759:15:SHELL_LED	488	static
shell_ip.c:5719:6:SHELL_MgmtDiagnosticAppCb	104	static
shell_ip.c:3175:13:SHELL_ThrStopCommissioner	8	static
shell_ip.c:3159:13:SHELL_ThrStartCommissioner	8	static
shell_ip.c:3091:13:SHELL_ThrNwkJoin	8	static
shell_ip.c:3127:13:SHELL_ThrNwkCreate	8	static
shell_ip.c:3190:13:SHELL_PrintJoinersTbl	24	static
shell_ip.c:2029:15:SHELL_ThrCommands	160	static
shell_ip.c:3231:13:SHELL_PrintRoutingTbl	24	static
shell_ip.c:3322:13:SHELL_PrintParentInfo	16	static
shell_ip.c:3353:13:SHELL_PrintNeighborTbl	40	static
shell_ip.c:3411:13:SHELL_PrintNeighborInfo	16	static
shell_ip.c:3534:13:SHELL_PrintActiveTimestamp	40	static
shell_ip.c:1482:13:SHELL_Process	112	static
shell_ip.c:4570:13:PING_EchoReplyReceive	32	static
shell_ip.c:1157:6:SHELL_DnsNdDataService	96	static
shell_ip.c:1253:6:SHELL_DnsService	64	static
shell_ip.c:799:6:SHELLComm_Init	8	static
shell_ip.c:826:6:SHELL_PrintIpAddr	104	static
shell_ip.c:1632:15:SHELL_Ifconfig	40	static
shell_ip.c:951:6:SHELL_EvMonitorInit	8	static
shell_ip.c:970:6:SHELL_EvMonitor	16	static
shell_ip.c:1084:6:SHELL_NwkScanPrint	24	static
